<?xml version="1.0" encoding="utf-8"?><testsuites name="pytest tests"><testsuite name="pytest" errors="0" failures="0" skipped="0" tests="3" time="3.037" timestamp="2026-02-25T21:26:36.885391+00:00" hostname="835347d530df"><testcase classname="tests.test_functional" name="test_ping_server" time="1.011" /><testcase classname="tests.test_perf" name="test_throughput_sla" time="2.011" /><testcase classname="tests.test_regression" name="test_throughput_regression" time="0.001" /></testsuite></testsuites>